v4 r16 extra batch start 2026-08-09T22:35:39Z
START main d5 r16 27000 2026-08-09T22:35:39Z
START main d6 r16 27000 2026-08-09T22:35:39Z
START alt d6l6 r16 27000 2026-08-09T22:35:39Z
START main d5 r16 27001 2026-08-09T22:35:39Z
DONE alt d6l6 r16 27000 status=0 2026-08-09T23:00:17Z
START main d6 r16 27001 2026-08-09T23:00:17Z
DONE main d6 r16 27000 status=0 2026-08-09T23:06:17Z
START alt d6l6 r16 27001 2026-08-09T23:06:17Z
DONE main d5 r16 27000 status=0 2026-08-09T23:09:07Z
START main d5 r16 27002 2026-08-09T23:09:07Z
DONE main d5 r16 27001 status=0 2026-08-09T23:09:08Z
START main d6 r16 27002 2026-08-09T23:09:08Z
DONE alt d6l6 r16 27001 status=0 2026-08-09T23:23:58Z
START alt d6l6 r16 27002 2026-08-09T23:23:58Z
DONE main d6 r16 27001 status=0 2026-08-09T23:24:06Z
START main d5 r16 27003 2026-08-09T23:24:06Z
DONE main d6 r16 27002 status=0 2026-08-09T23:38:05Z
START main d6 r16 27003 2026-08-09T23:38:05Z
DONE main d5 r16 27002 status=0 2026-08-09T23:41:10Z
START alt d6l6 r16 27003 2026-08-09T23:41:10Z
DONE alt d6l6 r16 27002 status=0 2026-08-09T23:52:04Z
START main d5 r16 27004 2026-08-09T23:52:04Z
DONE main d5 r16 27003 status=0 2026-08-10T00:01:24Z
START main d6 r16 27004 2026-08-10T00:01:24Z
DONE alt d6l6 r16 27003 status=0 2026-08-10T00:04:15Z
START alt d6l6 r16 27004 2026-08-10T00:04:15Z
DONE main d6 r16 27003 status=0 2026-08-10T00:12:46Z
START main d5 r16 27005 2026-08-10T00:12:46Z
DONE main d5 r16 27004 status=0 2026-08-10T00:24:42Z
START main d6 r16 27005 2026-08-10T00:24:42Z
DONE alt d6l6 r16 27004 status=0 2026-08-10T00:32:39Z
START alt d6l6 r16 27005 2026-08-10T00:32:39Z
DONE main d6 r16 27004 status=0 2026-08-10T00:36:13Z
START main d5 r16 27006 2026-08-10T00:36:13Z
DONE main d5 r16 27005 status=0 2026-08-10T00:45:05Z
START main d6 r16 27006 2026-08-10T00:45:05Z
DONE alt d6l6 r16 27005 status=0 2026-08-10T00:55:56Z
START alt d6l6 r16 27006 2026-08-10T00:55:56Z
DONE main d6 r16 27005 status=0 2026-08-10T00:59:14Z
START main d5 r16 27007 2026-08-10T00:59:14Z
DONE main d5 r16 27006 status=0 2026-08-10T01:13:42Z
START main d6 r16 27007 2026-08-10T01:13:42Z
DONE alt d6l6 r16 27006 status=0 2026-08-10T01:18:52Z
START alt d6l6 r16 27007 2026-08-10T01:18:52Z
DONE main d6 r16 27006 status=0 2026-08-10T01:19:27Z
DONE main d5 r16 27007 status=0 2026-08-10T01:36:07Z
DONE alt d6l6 r16 27007 status=0 2026-08-10T01:41:48Z
DONE main d6 r16 27007 status=0 2026-08-10T01:42:48Z
v4 r16 extra batch exit=0 2026-08-10T01:42:48Z
[?2004h[36mworkspace[0m $ 