v4 worlds20 batch start 2026-08-09T13:42:02Z
START main d5 23000 2026-08-09T13:42:02Z
START main d6 23000 2026-08-09T13:42:02Z
START alt d6l6 23000 2026-08-09T13:42:02Z
START main d5 23001 2026-08-09T13:42:02Z
DONE alt d6l6 23000 status=0 2026-08-09T14:19:39Z
START main d6 23001 2026-08-09T14:19:39Z
DONE main d6 23000 status=0 2026-08-09T14:32:47Z
START alt d6l6 23001 2026-08-09T14:32:47Z
DONE main d5 23001 status=0 2026-08-09T14:38:53Z
START main d5 23002 2026-08-09T14:38:53Z
DONE main d5 23000 status=0 2026-08-09T14:39:00Z
START main d6 23002 2026-08-09T14:39:00Z
DONE main d6 23001 status=0 2026-08-09T15:10:32Z
START alt d6l6 23002 2026-08-09T15:10:32Z
DONE alt d6l6 23001 status=0 2026-08-09T15:10:57Z
START main d5 23003 2026-08-09T15:10:57Z
DONE main d6 23002 status=0 2026-08-09T15:30:13Z
START main d6 23003 2026-08-09T15:30:13Z
DONE main d5 23002 status=0 2026-08-09T15:38:24Z
START alt d6l6 23003 2026-08-09T15:38:24Z
DONE alt d6l6 23002 status=0 2026-08-09T15:50:31Z
START main d5 23004 2026-08-09T15:50:31Z
DONE main d5 23003 status=0 2026-08-09T16:16:28Z
START main d6 23004 2026-08-09T16:16:28Z
DONE alt d6l6 23003 status=0 2026-08-09T16:22:35Z
START alt d6l6 23004 2026-08-09T16:22:35Z
DONE main d6 23003 status=0 2026-08-09T16:29:46Z
START main d5 23005 2026-08-09T16:29:46Z
DONE main d5 23004 status=0 2026-08-09T17:00:10Z
START main d6 23005 2026-08-09T17:00:10Z
DONE alt d6l6 23004 status=0 2026-08-09T17:06:29Z
START alt d6l6 23005 2026-08-09T17:06:29Z
DONE main d6 23004 status=0 2026-08-09T17:13:55Z
START main d5 23006 2026-08-09T17:13:55Z
DONE main d5 23005 status=0 2026-08-09T17:33:13Z
START main d6 23006 2026-08-09T17:33:13Z
DONE alt d6l6 23005 status=0 2026-08-09T17:49:53Z
START alt d6l6 23006 2026-08-09T17:49:53Z
DONE main d6 23005 status=0 2026-08-09T17:56:57Z
START main d5 23007 2026-08-09T17:56:57Z
DONE main d5 23006 status=0 2026-08-09T18:21:33Z
START main d6 23007 2026-08-09T18:21:33Z
DONE alt d6l6 23006 status=0 2026-08-09T18:32:45Z
START alt d6l6 23007 2026-08-09T18:32:45Z
DONE main d6 23006 status=0 2026-08-09T18:34:22Z
DONE main d5 23007 status=0 2026-08-09T18:58:47Z
DONE alt d6l6 23007 status=0 2026-08-09T19:14:57Z
DONE main d6 23007 status=0 2026-08-09T19:16:53Z
v4 worlds20 batch exit=0 2026-08-09T19:16:53Z
[?2004h[36mworkspace[0m $ 