v4 sub85 batch start 2026-08-09T19:22:56Z
START main d6 sf85 24000 2026-08-09T19:22:56Z
START alt d6l6 sf85 24000 2026-08-09T19:22:56Z
START main d6 sf85 24001 2026-08-09T19:22:56Z
START alt d6l6 sf85 24001 2026-08-09T19:22:56Z
DONE alt d6l6 sf85 24000 status=0 2026-08-09T19:39:58Z
START main d6 sf85 24002 2026-08-09T19:39:58Z
DONE alt d6l6 sf85 24001 status=0 2026-08-09T19:40:02Z
START alt d6l6 sf85 24002 2026-08-09T19:40:02Z
DONE main d6 sf85 24000 status=0 2026-08-09T19:45:18Z
START main d6 sf85 24003 2026-08-09T19:45:18Z
DONE main d6 sf85 24001 status=0 2026-08-09T19:45:20Z
START alt d6l6 sf85 24003 2026-08-09T19:45:20Z
DONE alt d6l6 sf85 24002 status=0 2026-08-09T19:55:52Z
START main d6 sf85 24004 2026-08-09T19:55:52Z
DONE alt d6l6 sf85 24003 status=0 2026-08-09T20:01:12Z
START alt d6l6 sf85 24004 2026-08-09T20:01:12Z
DONE main d6 sf85 24002 status=0 2026-08-09T20:01:18Z
START main d6 sf85 24005 2026-08-09T20:01:18Z
DONE main d6 sf85 24003 status=0 2026-08-09T20:06:43Z
START alt d6l6 sf85 24005 2026-08-09T20:06:43Z
DONE alt d6l6 sf85 24004 status=0 2026-08-09T20:16:53Z
START main d6 sf85 24006 2026-08-09T20:16:53Z
DONE main d6 sf85 24004 status=0 2026-08-09T20:17:09Z
START alt d6l6 sf85 24006 2026-08-09T20:17:09Z
DONE alt d6l6 sf85 24005 status=0 2026-08-09T20:22:25Z
START main d6 sf85 24007 2026-08-09T20:22:25Z
DONE main d6 sf85 24005 status=0 2026-08-09T20:22:36Z
START alt d6l6 sf85 24007 2026-08-09T20:22:36Z
DONE alt d6l6 sf85 24006 status=0 2026-08-09T20:32:52Z
DONE main d6 sf85 24006 status=0 2026-08-09T20:37:53Z
DONE alt d6l6 sf85 24007 status=0 2026-08-09T20:38:17Z
DONE main d6 sf85 24007 status=0 2026-08-09T20:43:15Z
v4 sub85 batch exit=0 2026-08-09T20:43:15Z
[?2004h[36mworkspace[0m $ 