[seed 20268] frame (21328, 149) cats=113 (1s)
    cat_d5   oof=0.68577 (260s)
    cat_d6   oof=0.68473 (230s)
[seed 20269] frame (21328, 149) cats=113 (1s)
    cat_d5   oof=0.68537 (259s)
    cat_d6   oof=0.68658 (232s)
[seed 20270] frame (21328, 149) cats=113 (1s)
    cat_d5   oof=0.68663 (252s)
    cat_d6   oof=0.68621 (219s)
[seed 20271] frame (21328, 149) cats=113 (1s)
    cat_d5   oof=0.68867 (237s)
    cat_d6   oof=0.68734 (203s)
[final] cat_d5: 0.69244
[final] cat_d6: 0.69154
{
  "seeds": [
    20268,
    20269,
    20270,
    20271
  ],
  "folds": 5,
  "arms": {
    "cat_d5": {
      "bagged_oof_auc": 0.6924442550986045,
      "per_seed_auc": [
        0.6857690678691387,
        0.6853693617200828,
        0.6866287371256107,
        0.6886662781560715
      ]
    },
    "cat_d6": {
      "bagged_oof_auc": 0.6915439833004136,
      "per_seed_auc": [
        0.6847326083789316,
        0.6865789293507814,
        0.6862086799476785,
        0.6873445559554774
      ]
    }
  },
  "oof_corr": {
    "cat_d5~cat_d6": 0.9947105367425007
  },
  "elapsed_sec": 1896.6
}
