[seed 20260] frame (21328, 149) cats=113 (1s)
    cat_d5   oof=0.68837 (252s)
    cat_d6   oof=0.68793 (229s)
    lgb_te   oof=0.65746 (3s)
    glm      oof=0.65989 (3s)
[seed 20261] frame (21328, 149) cats=113 (1s)
    cat_d5   oof=0.68675 (255s)
    cat_d6   oof=0.68789 (226s)
    lgb_te   oof=0.65881 (3s)
    glm      oof=0.66074 (3s)
[seed 20262] frame (21328, 149) cats=113 (1s)
    cat_d5   oof=0.68588 (260s)
    cat_d6   oof=0.68704 (228s)
    lgb_te   oof=0.65475 (3s)
    glm      oof=0.65563 (4s)
[seed 20263] frame (21328, 149) cats=113 (1s)
    cat_d5   oof=0.68995 (260s)
    cat_d6   oof=0.69140 (228s)
    lgb_te   oof=0.66331 (3s)
    glm      oof=0.66328 (3s)
[final] cat_d5: 0.69355
[final] cat_d6: 0.69380
[final] lgb_te: 0.67063
[final] glm: 0.66437
{
  "seeds": [
    20260,
    20261,
    20262,
    20263
  ],
  "folds": 5,
  "arms": {
    "cat_d5": {
      "bagged_oof_auc": 0.6935491069829207,
      "per_seed_auc": [
        0.6883693720697504,
        0.6867457182231371,
        0.6858831630016902,
        0.6899547620014347
      ]
    },
    "cat_d6": {
      "bagged_oof_auc": 0.6937964789635047,
      "per_seed_auc": [
        0.6879306058774965,
        0.6878877144670041,
        0.6870355586710709,
        0.691395356104194
      ]
    },
    "lgb_te": {
      "bagged_oof_auc": 0.6706305644390202,
      "per_seed_auc": [
        0.6574576021890344,
        0.6588123885918004,
        0.6547499699461579,
        0.6633107869807553
      ]
    },
    "glm": {
      "bagged_oof_auc": 0.6643725484225116,
      "per_seed_auc": [
        0.659887634456113,
        0.6607377501733569,
        0.6556312341819266,
        0.6632754587888182
      ]
    }
  },
  "oof_corr": {
    "cat_d5~cat_d6": 0.9943149368828691,
    "cat_d5~lgb_te": 0.9160141786141508,
    "cat_d5~glm": 0.8901733513115584,
    "cat_d6~lgb_te": 0.9168475096568932,
    "cat_d6~glm": 0.8920571278340681,
    "lgb_te~glm": 0.8999871080026127
  },
  "elapsed_sec": 1968.2
}
