[seed 20280] frame (21328, 107) cats=78 (1s)
    cat_alt  oof=0.68497 (175s)
[seed 20281] frame (21328, 107) cats=78 (1s)
    cat_alt  oof=0.68777 (170s)
[seed 20282] frame (21328, 107) cats=78 (1s)
    cat_alt  oof=0.68693 (177s)
[seed 20283] frame (21328, 107) cats=78 (1s)
    cat_alt  oof=0.68906 (177s)
[final] cat_alt: 0.69407
{
  "seeds": [
    20280,
    20281,
    20282,
    20283
  ],
  "folds": 5,
  "arms": {
    "cat_alt": {
      "bagged_oof_auc": 0.6940697251128314,
      "per_seed_auc": [
        0.6849654261395981,
        0.6877699372412085,
        0.6869309673197307,
        0.6890585206026054
      ]
    }
  },
  "oof_corr": {},
  "elapsed_sec": 703.0
}
