[seed 20288] frame (21328, 107) cats=78 (1s)
    cat_alt  oof=0.68946 (177s)
[seed 20289] frame (21328, 107) cats=78 (1s)
    cat_alt  oof=0.68406 (175s)
[seed 20294] frame (21328, 107) cats=78 (1s)
    cat_alt  oof=0.68061 (178s)
[seed 20295] frame (21328, 107) cats=78 (1s)
    cat_alt  oof=0.68661 (170s)
[final] cat_alt: 0.69255
{
  "seeds": [
    20288,
    20289,
    20294,
    20295
  ],
  "folds": 5,
  "arms": {
    "cat_alt": {
      "bagged_oof_auc": 0.6925526778172393,
      "per_seed_auc": [
        0.6894568335271904,
        0.684064059665037,
        0.6806061760446596,
        0.6866142575427182
      ]
    }
  },
  "oof_corr": {},
  "elapsed_sec": 704.2
}
