[seed 20300] frame (21328, 106) cats=77 (1s)
    cat_alt2 oof=0.68132 (197s)
[seed 20301] frame (21328, 106) cats=77 (1s)
    cat_alt2 oof=0.69061 (202s)
[seed 20302] frame (21328, 106) cats=77 (1s)
    cat_alt2 oof=0.68059 (206s)
[seed 20303] frame (21328, 106) cats=77 (1s)
    cat_alt2 oof=0.68562 (211s)
[final] cat_alt2: 0.69090
{
  "seeds": [
    20300,
    20301,
    20302,
    20303
  ],
  "folds": 5,
  "arms": {
    "cat_alt2": {
      "bagged_oof_auc": 0.69090476693743,
      "per_seed_auc": [
        0.6813189596355006,
        0.6906105229050084,
        0.6805924925900363,
        0.6856167585796753
      ]
    }
  },
  "oof_corr": {},
  "elapsed_sec": 819.7
}
