[seed 20260] frame (21328, 107) cats=78 (1s)
    cat_alt  oof=0.68545 (171s)
[seed 20261] frame (21328, 107) cats=78 (1s)
    cat_alt  oof=0.68210 (159s)
[final] cat_alt: 0.68820
{
  "experiment_id": "s2_alt_5f_2s",
  "git_commit": "ed3dea0a04511447a92eac80a2eb0fff2ab76d7e",
  "view": "alt",
  "seeds": [
    20260,
    20261
  ],
  "folds": 5,
  "stream_base": 0,
  "save_raw": true,
  "train_sha256": "494a61073a0438f692914c4868db31df1171e662348e0024e06b120d08d44f28",
  "test_sha256": "d6ffd26bd4873fa09f6fac361f59170a880e88e331a01d7a6356bd9184ce55ec",
  "arms": {
    "cat_alt": {
      "bagged_oof_auc": 0.6881976820327383,
      "per_seed_auc": [
        0.6854491238210336,
        0.682102548884266
      ],
      "per_seed_rank_auc": [
        0.6854491238210336,
        0.682102548884266
      ]
    }
  },
  "oof_corr": {},
  "elapsed_sec": 332.2
}
