total jobs 16 2026-08-10T02:22:02Z
START w10_d6l6_29000 2026-08-10T02:22:02Z
START w10_d6l6_29001 2026-08-10T02:22:02Z
START w10_d6l6_29002 2026-08-10T02:22:02Z
START w10_d6l6_29003 2026-08-10T02:22:02Z
DONE w10_d6l6_29002 status=0 2026-08-10T02:56:22Z
DONE w10_d6l6_29003 status=0 2026-08-10T02:56:23Z
DONE w10_d6l6_29000 status=0 2026-08-10T02:56:25Z
DONE w10_d6l6_29001 status=0 2026-08-10T02:56:25Z
START w10_d6l6_29004 2026-08-10T02:56:25Z
START w10_d6l6_29005 2026-08-10T02:56:25Z
START w10_d6l6_29006 2026-08-10T02:56:25Z
START w10_d6l6_29007 2026-08-10T02:56:25Z
DONE w10_d6l6_29004 status=0 2026-08-10T03:22:33Z
START w11_d6_29100 2026-08-10T03:22:35Z
DONE w10_d6l6_29006 status=0 2026-08-10T03:22:38Z
START w11_d6_29101 2026-08-10T03:22:40Z
DONE w10_d6l6_29005 status=0 2026-08-10T03:22:43Z
DONE w10_d6l6_29007 status=0 2026-08-10T03:22:44Z
START w11_d6_29102 2026-08-10T03:22:45Z
START w11_d6_29103 2026-08-10T03:22:45Z
DONE w11_d6_29102 status=0 2026-08-10T04:13:02Z
START w11_d6_29104 2026-08-10T04:13:02Z
DONE w11_d6_29103 status=0 2026-08-10T04:13:05Z
START w11_d6_29105 2026-08-10T04:13:07Z
DONE w11_d6_29100 status=0 2026-08-10T04:13:09Z
START w11_d6_29106 2026-08-10T04:13:12Z
DONE w11_d6_29101 status=0 2026-08-10T04:13:22Z
START w11_d6_29107 2026-08-10T04:13:22Z
DONE w11_d6_29105 status=0 2026-08-10T04:37:53Z
DONE w11_d6_29106 status=0 2026-08-10T04:37:53Z
DONE w11_d6_29104 status=0 2026-08-10T04:37:59Z
DONE w11_d6_29107 status=0 2026-08-10T04:38:10Z
ALL_DONE fail=0 2026-08-10T04:38:10Z
