done 20401 rc=0
done 20403 rc=0
done 20400 rc=0
done 20402 rc=0
done 20405 rc=0
done 20406 rc=0
done 20404 rc=0
done 20407 rc=0
per [0.6803715172373712, 0.6877561542705515, 0.6821751458307957, 0.6884014659905946, 0.6885681553469168, 0.6841042641426216, 0.6847286277375866, 0.6858494270662912]
bag_rank 0.6938667124042358
bag_prob 0.6963640423890536
{
  "tag": "rank_bag",
  "bag": 0.6938667124042358,
  "v2_gap": {
    "full": 0.6997734617010554,
    "nested99": 0.6998579508136032,
    "nested20_mean": 0.6997733907958815,
    "nested20_std": 0.00012759667750742058
  },
  "w11pair_alt_gap": {
    "full": 0.6999499782656984,
    "nested99": 0.700112960649768,
    "nested20_mean": 0.6999325144457474,
    "nested20_std": 0.00014214735450801191
  },
  "w11_alt_gap": {
    "full": 0.6994796157327685,
    "nested99": 0.6996337660688541,
    "nested20_mean": 0.6994624604125218,
    "nested20_std": 0.00013940799160157153
  }
}
{
  "tag": "prob_bag",
  "bag": 0.6963640423890536,
  "v2_gap": {
    "full": 0.7010969751902547,
    "nested99": 0.7011469322391346,
    "nested20_mean": 0.7011012605994529,
    "nested20_std": 0.0001320481974976985
  },
  "w11pair_alt_gap": {
    "full": 0.7007564810812059,
    "nested99": 0.7009220508821499,
    "nested20_mean": 0.7007361412478834,
    "nested20_std": 0.0001444678589740242
  },
  "w11_alt_gap": {
    "full": 0.7004324071177052,
    "nested99": 0.7005730232732177,
    "nested20_mean": 0.7004170480618656,
    "nested20_std": 0.00014613709997714558
  }
}
ADMIT True delta20 0.0021733916119129892
DONE
