seed 20400 0.68049 (285s)
seed 20401 0.68871 (283s)
seed 20402 0.68369 (284s)
seed 20403 0.68630 (286s)
seed 20404 0.68699 (289s)
seed 20405 0.68475 (284s)
seed 20406 0.68599 (286s)
seed 20407 0.68723 (287s)
bag 0.6941464270957479
corr {'d5': 0.9718996744946572, 'alt': 0.9443714627958685, 'w11': 0.9686250918052015, 'gap_v2': 0.9806637014606894}
v2 0.6990960311811597 0.6991427539589468
v2_gap 0.6998604884724607 0.6998990758144988
w11pair_alt 0.6991921387906334 0.6992980736084276
w11pair_alt_gap 0.6998951698101792 0.6999979201148971
w11_alt_gap 0.6994124424100714 0.6995120579597303
{
  "bag": 0.6941464270957479,
  "per": [
    0.6804880505127464,
    0.6887101149688833,
    0.6836901281686901,
    0.6863024240513534,
    0.6869913237941244,
    0.6847502227168832,
    0.685992879428762,
    0.6872305105809428
  ],
  "full": {
    "v2": 0.6990960311811597,
    "v2_gap": 0.6998604884724607,
    "w11pair_alt": 0.6991921387906334,
    "w11pair_alt_gap": 0.6998951698101792,
    "w11_alt_gap": 0.6994124424100714
  },
  "nested": {
    "v2": 0.6991427539589468,
    "v2_gap": 0.6998990758144988,
    "w11pair_alt": 0.6992980736084276,
    "w11pair_alt_gap": 0.6999979201148971,
    "w11_alt_gap": 0.6995120579597303
  },
  "delta": 0.0014351704789267172,
  "admit": false,
  "elapsed": 2284.6
}
DONE
